<html>
<body>
<pre>
<h1>µVision Build Log</h1>
<h2>Tool Versions:</h2>
IDE-Version: ¦ÌVision V5.38.0.0
Copyright (C) 2022 ARM Ltd and ARM Germany GmbH. All rights reserved.
License Information: 1 Lenovo, 1, LIC=VGXG8-3C4S8-MMK9I-T2274-6YJS6-5FVQK
 
Tool Versions:
Toolchain:       MDK-ARM Plus  Version: 5.38.0.0
Toolchain Path:  D:\APP\Keil\Keil_v5\ARM\arm5_compiler\Bin
C Compiler:      Armcc.exe V5.06 update 7 (build 960)
Assembler:       Armasm.exe V5.06 update 7 (build 960)
Linker/Locator:  ArmLink.exe V5.06 update 7 (build 960)
Library Manager: ArmAr.exe V5.06 update 7 (build 960)
Hex Converter:   FromElf.exe V5.06 update 7 (build 960)
CPU DLL:         SARMCM3.DLL V5.38.0.0
Dialog DLL:      DCM.DLL V1.17.5.0
Target DLL:      Segger\JL2CM3.dll V2.99.42.0
Dialog DLL:      TCM.DLL V1.56.4.0
 
<h2>Project:</h2>
C:\Users\Lenovo\Desktop\Euler_FOC\Euler_FOC_SPWM\MDK-ARM\Euler_FOC_SPWM.uvprojx
Project File Date:  05/26/2026

<h2>Output:</h2>
*** Using Compiler 'V5.06 update 7 (build 960)', folder: 'D:\APP\Keil\Keil_v5\ARM\arm5_compiler\Bin'
Rebuild target 'Euler_FOC_SPWM'
Note: source file '../Core/Src/stm32g4xx_it.c' - object file renamed from 'Euler_FOC_SPWM\stm32g4xx_it.o' to 'Euler_FOC_SPWM\stm32g4xx_it_1.o'.
assembling startup_stm32g431xx.s...
compiling tim.c...
compiling main.c...
compiling spi.c...
compiling adc.c...
compiling dma.c...
compiling opamp.c...
compiling gpio.c...
compiling stm32g4xx_ll_adc.c...
compiling usart.c...
compiling stm32g4xx_hal.c...
compiling stm32g4xx_hal_msp.c...
compiling stm32g4xx_it.c...
compiling stm32g4xx_hal_adc_ex.c...
compiling stm32g4xx_hal_rcc.c...
compiling stm32g4xx_hal_adc.c...
compiling stm32g4xx_hal_rcc_ex.c...
compiling stm32g4xx_hal_flash_ramfunc.c...
compiling stm32g4xx_hal_flash_ex.c...
compiling stm32g4xx_hal_gpio.c...
compiling stm32g4xx_hal_exti.c...
compiling stm32g4xx_hal_flash.c...
compiling stm32g4xx_hal_dma.c...
compiling stm32g4xx_hal_dma_ex.c...
compiling stm32g4xx_hal_pwr.c...
compiling stm32g4xx_hal_cortex.c...
compiling stm32g4xx_hal_opamp.c...
compiling stm32g4xx_hal_opamp_ex.c...
compiling stm32g4xx_hal_pwr_ex.c...
compiling stm32g4xx_hal_spi.c...
compiling stm32g4xx_hal_spi_ex.c...
compiling BSP_UART.c...
compiling stm32g4xx_hal_uart_ex.c...
compiling system_stm32g4xx.c...
compiling stm32g4xx_hal_tim_ex.c...
compiling stm32g4xx_hal_uart.c...
compiling stm32g4xx_hal_tim.c...
compiling BSP_SPI.c...
compiling BSP_TIM.c...
compiling BSP_LED.c...
compiling BSP_KEY.c...
compiling DRIVER_MT6816.c...
compiling BSP_ADC.c...
BSP\BSP_ADC.c(108): warning:  #1035-D: single-precision operand implicitly converted to double-precision
  	ADC_IN_Value[0]=ADC_IN_Value[0]+0.0001;
BSP\BSP_ADC.c: 1 warning, 0 errors
compiling TestCode.c...
compiling ALGORITHM_PID.c...
compiling ALGORITHM_Clarke_Park.c...
compiling DRIVER_ThreePhase_Motor.c...
linking...
Program Size: Code=23754 RO-data=2626 RW-data=52 ZI-data=3348  
FromELF: creating hex file...
"Euler_FOC_SPWM\Euler_FOC_SPWM.axf" - 0 Error(s), 1 Warning(s).

<h2>Software Packages used:</h2>

Package Vendor: ARM
                https://www.keil.com/pack/ARM.CMSIS.6.3.0.pack
                ARM.CMSIS.6.3.0
                CMSIS (Common Microcontroller Software Interface Standard)
   * Component: CORE Version: 6.2.0

Package Vendor: Keil
                https://www.keil.com/pack/Keil.STM32G4xx_DFP.1.6.0.pack
                Keil.STM32G4xx_DFP.1.6.0
                STMicroelectronics STM32G4 Series Device Support, Drivers and Examples

<h2>Collection of Component include folders:</h2>
  ./RTE/_Euler_FOC_SPWM
  D:/APP/Keil/Packs/ARM/CMSIS/6.3.0/CMSIS/Core/Include
  D:/APP/Keil/Packs/Keil/STM32G4xx_DFP/1.6.0/Drivers/CMSIS/Device/ST/STM32G4xx/Include

<h2>Collection of Component Files used:</h2>

   * Component: ARM::CMSIS:CORE:6.2.0
      Include file:  CMSIS/Core/Include/tz_context.h
Build Time Elapsed:  00:01:30
</pre>
</body>
</html>
